Testing Firebase Synchronisation - Cloud Map
============================================

TEST 1: Verifying API connectivity
OK - API is accessible

TEST 2: Manager authentication
OK - Authentication successful
Token: eyJhbGciOiJIUzI1NiIsInR5cCI6Ik...

TEST 3: Checking PostgreSQL signalements
OK - Found 1 signalements in PostgreSQL

TEST 4: Firebase connection status
OK - Firebase is configured
  PostgreSQL signalements: 9
  Firebase signalements: 0

TEST 5: Sending signalements to Firebase (PUSH)
FAILED - PUSH error: {"success":false,"message":"Erreur lors de l'envoi vers Firebase","error":"Value for argument \"data\" is not a valid Firestore document. Cannot use \"undefined\" as a Firestore value (found in field \"date_en_cours\"). If you want to ignore undefined values, enable `ignoreUndefinedProperties`."}

TEST 6: Manual verification needed

To verify data in Firebase:
1. Open Firebase Console:
   https://console.firebase.google.com/

2. Select project: signalementroutier-1b496

3. Go to: Firestore Database > Collection 'signalements'

4. You should see the documents with signalements

TEST 7: Retrieving signalements from Firebase (PULL)
OK - PULL from Firebase successful
Message: Synchronisation terminée: 0 nouveaux, 0 mis à jour

TEST 8: Bidirectional synchronization (PUSH + PULL)
FAILED - Sync error: {"success":false,"message":"Erreur lors de la synchronisation","error":"Value for argument \"data\" is not a valid Firestore document. Cannot use \"undefined\" as a Firestore value (found in field \"date_en_cours\"). If you want to ignore undefined values, enable `ignoreUndefinedProperties`."}

============================================
TESTS COMPLETED

Next steps:
1. Check Firebase Console for data
2. Test sync buttons in Manager interface (/manager)
3. Add new signalements and test sync

